// Jest Snapshot v1, https://goo.gl/fbAQLP

exports[`Loading snapshot render with initial props 1`] = `null`;

exports[`Loading snapshot render with visible props is true 1`] = `
<Modal
  animationType="none"
  hardwareAccelerated={false}
  supportedOrientations={
    Array [
      "landscape",
      "portrait",
    ]
  }
  transparent={true}
  visible={true}
>
  <View
    style={
      Array [
        Object {
          "backgroundColor": "transparent",
          "bottom": 0,
          "flex": 1,
          "left": 0,
          "position": "absolute",
          "right": 0,
          "top": 0,
        },
        Object {
          "backgroundColor": "rgba(0, 0, 0, 0.6)",
        },
      ]
    }
  >
    <View
      style={
        Object {
          "alignItems": "center",
          "bottom": 0,
          "justifyContent": "center",
          "left": 0,
          "position": "absolute",
          "right": 0,
          "top": 0,
        }
      }
    >
      <ActivityIndicator
        animating={true}
        color="#FFFFFF"
        hidesWhenStopped={true}
        size="large"
        style={
          Array [
            Object {
              "flex": 1,
            },
            Object {},
          ]
        }
      />
      <View
        style={
          Array [
            Object {
              "alignItems": "center",
              "bottom": 0,
              "flex": 1,
              "justifyContent": "center",
              "left": 0,
              "position": "absolute",
              "right": 0,
              "top": 0,
            },
            Object {},
          ]
        }
      >
        <Text
          style={
            Array [
              Object {
                "fontSize": 20,
                "fontWeight": "bold",
                "height": 50,
                "top": 80,
              },
              Object {},
            ]
          }
        >
          
        </Text>
      </View>
    </View>
  </View>
</Modal>
`;
